[    0.000000] Linux version 4.15.0-91-generic (buildd@lgw01-amd64-013) (gcc version 7.4.0 (Ubuntu 7.4.0-1ubuntu1~18.04.1)) #92-Ubuntu SMP Fri Feb 28 11:09:48 UTC 2020 (Ubuntu 4.15.0-91.92-generic 4.15.18)
[    0.000000] Command line: BOOT_IMAGE=/boot/vmlinuz-4.15.0-91-generic root=LABEL=cloudimg-rootfs ro console=tty1 console=ttyS0
[    0.000000] KERNEL supported cpus:
[    0.000000]   Intel GenuineIntel
[    0.000000]   AMD AuthenticAMD
[    0.000000]   Centaur CentaurHauls
[    0.000000] ------------[ cut here ]------------
[    0.000000] XSAVE consistency problem, dumping leaves
[    0.000000] WARNING: CPU: 0 PID: 0 at /build/linux-ZcR2Eb/linux-4.15.0/arch/x86/kernel/fpu/xstate.c:614 do_extra_xstate_size_checks+0x303/0x3ee
[    0.000000] Modules linked in:
[    0.000000] CPU: 0 PID: 0 Comm: swapper Not tainted 4.15.0-91-generic #92-Ubuntu
[    0.000000] RIP: 0010:do_extra_xstate_size_checks+0x303/0x3ee
[    0.000000] RSP: 0000:ffffffff8fa03d50 EFLAGS: 00010086 ORIG_RAX: 0000000000000000
[    0.000000] RAX: 0000000000000000 RBX: 000000000000000a RCX: ffffffff8ff5cc20
[    0.000000] RDX: 0000000000000009 RSI: ffffffff8ff5cc40 RDI: 0000000000000046
[    0.000000] RBP: ffffffff8fa03d90 R08: 657661656c20676e R09: ffffffff8ff5cc20
[    0.000000] R10: ffffffff8fc5c240 R11: 69706d7564202c6d R12: 0000000000000100
[    0.000000] R13: 0000000000000340 R14: ffffffff8fa03d54 R15: ffffffff8fa03d50
[    0.000000] FS:  0000000000000000(0000) GS:ffffffff8fc80000(0000) knlGS:0000000000000000
[    0.000000] CS:  0010 DS: 0000 ES: 0000 CR0: 0000000080050033
[    0.000000] CR2: ffff88800008a000 CR3: 0000000026b22000 CR4: 00000000000406a0
[    0.000000] Call Trace:
[    0.000000]  fpu__init_system_xstate+0x183/0x4aa
[    0.000000]  fpu__init_system+0x213/0x265
[    0.000000]  ? early_init_intel+0x130/0x450
[    0.000000]  early_cpu_init+0x2cc/0x2d3
[    0.000000]  ? 0xffffffff8e600000
[    0.000000]  setup_arch+0xcb/0xc82
[    0.000000]  ? printk+0x52/0x6e
[    0.000000]  start_kernel+0x6d/0x4fd
[    0.000000]  x86_64_start_reservations+0x24/0x26
[    0.000000]  x86_64_start_kernel+0x74/0x77
[    0.000000]  secondary_startup_64+0xa5/0xb0
[    0.000000] Code: ff ff 44 3b 2d 25 ad 8b 01 0f 84 d5 00 00 00 80 3d 42 52 5d 01 00 75 29 48 c7 c7 30 9a 6b 8f c6 05 32 52 5d 01 01 e8 8b 2c 05 00 <0f> 0b eb 12 83 3d 00 04 3f 01 00 0f 84 af fe ff ff e9 a5 fe ff 
[    0.000000] random: get_random_bytes called from print_oops_end_marker+0x3f/0x60 with crng_init=0
[    0.000000] ---[ end trace 67ce7dfbd58a95a8 ]---
[    0.000000] CPUID[0d, 00]: eax=00000007 ebx=00000440 ecx=00000440 edx=00000000
[    0.000000] CPUID[0d, 01]: eax=00000000 ebx=00000440 ecx=00000000 edx=00000000
[    0.000000] CPUID[0d, 02]: eax=00000100 ebx=00000240 ecx=00000000 edx=00000000
[    0.000000] CPUID[0d, 03]: eax=00000000 ebx=00000000 ecx=00000000 edx=00000000
[    0.000000] CPUID[0d, 04]: eax=00000000 ebx=00000000 ecx=00000000 edx=00000000
[    0.000000] CPUID[0d, 05]: eax=00000000 ebx=00000000 ecx=00000000 edx=00000000
[    0.000000] CPUID[0d, 06]: eax=00000000 ebx=00000000 ecx=00000000 edx=00000000
[    0.000000] CPUID[0d, 07]: eax=00000000 ebx=00000000 ecx=00000000 edx=00000000
[    0.000000] CPUID[0d, 08]: eax=00000000 ebx=00000000 ecx=00000000 edx=00000000
[    0.000000] CPUID[0d, 09]: eax=00000000 ebx=00000000 ecx=00000000 edx=00000000
[    0.000000] CPUID[0d, 0a]: eax=00000000 ebx=00000000 ecx=00000000 edx=00000000
[    0.000000] CPUID[0d, 0b]: eax=00000000 ebx=00000000 ecx=00000000 edx=00000000
[    0.000000] CPUID[0d, 0c]: eax=00000000 ebx=00000000 ecx=00000000 edx=00000000
[    0.000000] CPUID[0d, 0d]: eax=00000000 ebx=00000000 ecx=00000000 edx=00000000
[    0.000000] CPUID[0d, 0e]: eax=00000000 ebx=00000000 ecx=00000000 edx=00000000
[    0.000000] CPUID[0d, 0f]: eax=00000000 ebx=00000000 ecx=00000000 edx=00000000
[    0.000000] CPUID[0d, 10]: eax=00000000 ebx=00000000 ecx=00000000 edx=00000000
[    0.000000] CPUID[0d, 11]: eax=00000000 ebx=00000000 ecx=00000000 edx=00000000
[    0.000000] CPUID[0d, 12]: eax=00000000 ebx=00000000 ecx=00000000 edx=00000000
[    0.000000] CPUID[0d, 13]: eax=00000000 ebx=00000000 ecx=00000000 edx=00000000
[    0.000000] x86/fpu: Supporting XSAVE feature 0x001: 'x87 floating point registers'
[    0.000000] x86/fpu: Supporting XSAVE feature 0x002: 'SSE registers'
[    0.000000] x86/fpu: Supporting XSAVE feature 0x004: 'AVX registers'
[    0.000000] x86/fpu: xstate_offset[2]:  576, xstate_sizes[2]:  256
[    0.000000] x86/fpu: Enabled xstate features 0x7, context size is 1088 bytes, using 'standard' format.
[    0.000000] e820: BIOS-provided physical RAM map:
[    0.000000] BIOS-e820: [mem 0x0000000000000000-0x000000000009fbff] usable
[    0.000000] BIOS-e820: [mem 0x000000000009fc00-0x000000000009ffff] reserved
[    0.000000] BIOS-e820: [mem 0x00000000000f0000-0x00000000000fffff] reserved
[    0.000000] BIOS-e820: [mem 0x0000000000100000-0x000000003ffeffff] usable
[    0.000000] BIOS-e820: [mem 0x000000003fff0000-0x000000003fffffff] ACPI data
[    0.000000] BIOS-e820: [mem 0x00000000fec00000-0x00000000fec00fff] reserved
[    0.000000] BIOS-e820: [mem 0x00000000fee00000-0x00000000fee00fff] reserved
[    0.000000] BIOS-e820: [mem 0x00000000fffc0000-0x00000000ffffffff] reserved
[    0.000000] NX (Execute Disable) protection: active
[    0.000000] SMBIOS 2.5 present.
[    0.000000] DMI: innotek GmbH VirtualBox/VirtualBox, BIOS VirtualBox 12/01/2006
[    0.000000] Hypervisor detected: KVM
[    0.000000] e820: last_pfn = 0x3fff0 max_arch_pfn = 0x400000000
[    0.000000] MTRR: Disabled
[    0.000000] x86/PAT: MTRRs disabled, skipping PAT initialization too.
[    0.000000] CPU MTRRs all blank - virtualized system.
[    0.000000] x86/PAT: Configuration [0-7]: WB  WT  UC- UC  WB  WT  UC- UC  
[    0.000000] found SMP MP-table at [mem 0x0009fff0-0x0009ffff]
[    0.000000] Scanning 1 areas for low memory corruption
[    0.000000] RAMDISK: [mem 0x35a6b000-0x36d2cfff]
[    0.000000] ACPI: Early table checksum verification disabled
[    0.000000] ACPI: RSDP 0x00000000000E0000 000024 (v02 VBOX  )
[    0.000000] ACPI: XSDT 0x000000003FFF0030 00003C (v01 VBOX   VBOXXSDT 00000001 ASL  00000061)
[    0.000000] ACPI: FACP 0x000000003FFF00F0 0000F4 (v04 VBOX   VBOXFACP 00000001 ASL  00000061)
[    0.000000] ACPI: DSDT 0x000000003FFF0470 0021C8 (v02 VBOX   VBOXBIOS 00000002 INTL 20100528)
[    0.000000] ACPI: FACS 0x000000003FFF0200 000040
[    0.000000] ACPI: FACS 0x000000003FFF0200 000040
[    0.000000] ACPI: APIC 0x000000003FFF0240 00005C (v02 VBOX   VBOXAPIC 00000001 ASL  00000061)
[    0.000000] ACPI: SSDT 0x000000003FFF02A0 0001CC (v01 VBOX   VBOXCPUT 00000002 INTL 20100528)
[    0.000000] No NUMA configuration found
[    0.000000] Faking a node at [mem 0x0000000000000000-0x000000003ffeffff]
[    0.000000] NODE_DATA(0) allocated [mem 0x3ffc5000-0x3ffeffff]
[    0.000000] kvm-clock: cpu 0, msr 0:3ff44001, primary cpu clock
[    0.000000] kvm-clock: Using msrs 4b564d01 and 4b564d00
[    0.000000] kvm-clock: using sched offset of 6058650173 cycles
[    0.000000] clocksource: kvm-clock: mask: 0xffffffffffffffff max_cycles: 0x1cd42e4dffb, max_idle_ns: 881590591483 ns
[    0.000000] Zone ranges:
[    0.000000]   DMA      [mem 0x0000000000001000-0x0000000000ffffff]
[    0.000000]   DMA32    [mem 0x0000000001000000-0x000000003ffeffff]
[    0.000000]   Normal   empty
[    0.000000]   Device   empty
[    0.000000] Movable zone start for each node
[    0.000000] Early memory node ranges
[    0.000000]   node   0: [mem 0x0000000000001000-0x000000000009efff]
[    0.000000]   node   0: [mem 0x0000000000100000-0x000000003ffeffff]
[    0.000000] Reserved but unavailable: 98 pages
[    0.000000] Initmem setup node 0 [mem 0x0000000000001000-0x000000003ffeffff]
[    0.000000] ACPI: PM-Timer IO Port: 0x4008
[    0.000000] IOAPIC[0]: apic_id 2, version 32, address 0xfec00000, GSI 0-23
[    0.000000] ACPI: INT_SRC_OVR (bus 0 bus_irq 0 global_irq 2 dfl dfl)
[    0.000000] ACPI: INT_SRC_OVR (bus 0 bus_irq 9 global_irq 9 high level)
[    0.000000] Using ACPI (MADT) for SMP configuration information
[    0.000000] smpboot: Allowing 2 CPUs, 0 hotplug CPUs
[    0.000000] PM: Registered nosave memory: [mem 0x00000000-0x00000fff]
[    0.000000] PM: Registered nosave memory: [mem 0x0009f000-0x0009ffff]
[    0.000000] PM: Registered nosave memory: [mem 0x000a0000-0x000effff]
[    0.000000] PM: Registered nosave memory: [mem 0x000f0000-0x000fffff]
[    0.000000] e820: [mem 0x40000000-0xfebfffff] available for PCI devices
[    0.000000] Booting paravirtualized kernel on KVM
[    0.000000] clocksource: refined-jiffies: mask: 0xffffffff max_cycles: 0xffffffff, max_idle_ns: 7645519600211568 ns
[    0.000000] setup_percpu: NR_CPUS:8192 nr_cpumask_bits:2 nr_cpu_ids:2 nr_node_ids:1
[    0.000000] percpu: Embedded 45 pages/cpu s147456 r8192 d28672 u1048576
[    0.000000] PV qspinlock hash table entries: 256 (order: 0, 4096 bytes)
[    0.000000] Built 1 zonelists, mobility grouping on.  Total pages: 257913
[    0.000000] Policy zone: DMA32
[    0.000000] Kernel command line: BOOT_IMAGE=/boot/vmlinuz-4.15.0-91-generic root=LABEL=cloudimg-rootfs ro console=tty1 console=ttyS0
[    0.000000] Memory: 983060K/1048120K available (12300K kernel code, 2481K rwdata, 4264K rodata, 2432K init, 2712K bss, 65060K reserved, 0K cma-reserved)
[    0.000000] SLUB: HWalign=64, Order=0-3, MinObjects=0, CPUs=2, Nodes=1
[    0.000000] Kernel/User page tables isolation: enabled
[    0.000000] ftrace: allocating 39347 entries in 154 pages
[    0.004000] Hierarchical RCU implementation.
[    0.004000] 	RCU restricting CPUs from NR_CPUS=8192 to nr_cpu_ids=2.
[    0.004000] 	Tasks RCU enabled.
[    0.004000] RCU: Adjusting geometry for rcu_fanout_leaf=16, nr_cpu_ids=2
[    0.004000] NR_IRQS: 524544, nr_irqs: 440, preallocated irqs: 16
[    0.004000] Console: colour VGA+ 80x25
[    0.004000] console [tty1] enabled
[    0.004000] console [ttyS0] enabled
[    0.004000] ACPI: Core revision 20170831
[    0.004000] ACPI: 2 ACPI AML tables successfully acquired and loaded
[    0.004000] APIC: Switch to symmetric I/O mode setup
[    0.005080] x2apic enabled
[    0.008010] Switched APIC routing to physical x2apic.
[    0.012000] ..TIMER: vector=0x30 apic1=0 pin1=2 apic2=-1 pin2=-1
[    0.012007] tsc: Detected 2712.004 MHz processor
[    0.016032] Calibrating delay loop (skipped) preset value.. 5424.00 BogoMIPS (lpj=10848016)
[    0.019840] pid_max: default: 32768 minimum: 301
[    0.020100] Security Framework initialized
[    0.024008] Yama: becoming mindful.
[    0.026288] AppArmor: AppArmor initialized
[    0.032113] Dentry cache hash table entries: 131072 (order: 8, 1048576 bytes)
[    0.040141] Inode-cache hash table entries: 65536 (order: 7, 524288 bytes)
[    0.043611] Mount-cache hash table entries: 2048 (order: 2, 16384 bytes)
[    0.044024] Mountpoint-cache hash table entries: 2048 (order: 2, 16384 bytes)
[    0.048580] Last level iTLB entries: 4KB 64, 2MB 8, 4MB 8
[    0.052009] Last level dTLB entries: 4KB 64, 2MB 0, 4MB 0, 1GB 4
[    0.056008] Spectre V1 : Mitigation: usercopy/swapgs barriers and __user pointer sanitization
[    0.060010] Spectre V2 : Mitigation: Full generic retpoline
[    0.064009] Spectre V2 : Spectre v2 / SpectreRSB mitigation: Filling RSB on context switch
[    0.068007] Speculative Store Bypass: Vulnerable
[    0.072066] MDS: Vulnerable: Clear CPU buffers attempted, no microcode
[    0.076301] Freeing SMP alternatives memory: 36K
[    0.176010] APIC calibration not consistent with PM-Timer: 101ms instead of 100ms
[    0.180000] APIC delta adjusted to PM-Timer: 6173913 (6250356)
[    0.180276] smpboot: CPU0: Intel(R) Core(TM) i5-7200U CPU @ 2.50GHz (family: 0x6, model: 0x8e, stepping: 0x9)
[    0.184161] Performance Events: unsupported p6 CPU model 142 no PMU driver, software events only.
[    0.188093] Hierarchical SRCU implementation.
[    0.196199] NMI watchdog: Perf event create on CPU 0 failed with -2
[    0.200008] NMI watchdog: Perf NMI watchdog permanently disabled
[    0.204102] smp: Bringing up secondary CPUs ...
[    0.208197] x86: Booting SMP configuration:
[    0.212009] .... node  #0, CPUs:      #1
[    0.004000] kvm-clock: cpu 1, msr 0:3ff44041, secondary cpu clock
[    0.276085] smp: Brought up 1 node, 2 CPUs
[    0.280017] smpboot: Max logical packages: 1
[    0.284012] smpboot: Total of 2 processors activated (10848.01 BogoMIPS)
[    0.292078] devtmpfs: initialized
[    0.296093] x86/mm: Memory block size: 128MB
[    0.300823] evm: security.selinux
[    0.304007] evm: security.SMACK64
[    0.306272] evm: security.SMACK64EXEC
[    0.308009] evm: security.SMACK64TRANSMUTE
[    0.312007] evm: security.SMACK64MMAP
[    0.316008] evm: security.apparmor
[    0.320008] evm: security.ima
[    0.321964] evm: security.capability
[    0.324147] clocksource: jiffies: mask: 0xffffffff max_cycles: 0xffffffff, max_idle_ns: 7645041785100000 ns
[    0.328025] futex hash table entries: 512 (order: 3, 32768 bytes)
[    0.336041] pinctrl core: initialized pinctrl subsystem
[    0.340167] RTC time:  7:25:47, date: 04/01/20
[    0.352724] NET: Registered protocol family 16
[    0.356146] audit: initializing netlink subsys (disabled)
[    0.360069] audit: type=2000 audit(1585725951.078:1): state=initialized audit_enabled=0 res=1
[    0.396013] cpuidle: using governor ladder
[    0.400034] cpuidle: using governor menu
[    0.404081] ACPI: bus type PCI registered
[    0.408009] acpiphp: ACPI Hot Plug PCI Controller Driver version: 0.5
[    0.412206] PCI: Using configuration type 1 for base access
[    0.418726] HugeTLB registered 2.00 MiB page size, pre-allocated 0 pages
[    0.424143] ACPI: Added _OSI(Module Device)
[    0.428060] ACPI: Added _OSI(Processor Device)
[    0.432009] ACPI: Added _OSI(3.0 _SCP Extensions)
[    0.436009] ACPI: Added _OSI(Processor Aggregator Device)
[    0.440011] ACPI: Added _OSI(Linux-Dell-Video)
[    0.444012] ACPI: Added _OSI(Linux-Lenovo-NV-HDMI-Audio)
[    0.448011] ACPI: Added _OSI(Linux-HPI-Hybrid-Graphics)
[    0.452446] ACPI: Executed 1 blocks of module-level executable AML code
[    0.473071] ACPI: Interpreter enabled
[    0.476037] ACPI: (supports S0 S5)
[    0.480009] ACPI: Using IOAPIC for interrupt routing
[    0.484682] PCI: Using host bridge windows from ACPI; if necessary, use "pci=nocrs" and report a bug
[    0.494564] ACPI: Enabled 2 GPEs in block 00 to 07
[    0.528565] ACPI: PCI Root Bridge [PCI0] (domain 0000 [bus 00-ff])
[    0.532023] acpi PNP0A03:00: _OSC: OS supports [ASPM ClockPM Segments MSI]
[    0.540035] acpi PNP0A03:00: _OSC failed (AE_NOT_FOUND); disabling ASPM
[    0.544043] acpi PNP0A03:00: fail to add MMCONFIG information, can't access extended PCI configuration space under this bridge.
[    0.554218] PCI host bridge to bus 0000:00
[    0.556012] pci_bus 0000:00: root bus resource [io  0x0000-0x0cf7 window]
[    0.560013] pci_bus 0000:00: root bus resource [io  0x0d00-0xffff window]
[    0.564015] pci_bus 0000:00: root bus resource [mem 0x000a0000-0x000bffff window]
[    0.568014] pci_bus 0000:00: root bus resource [mem 0x40000000-0xffdfffff window]
[    0.572012] pci_bus 0000:00: root bus resource [bus 00-ff]
[    0.584881] pci 0000:00:01.1: legacy IDE quirk: reg 0x10: [io  0x01f0-0x01f7]
[    0.588011] pci 0000:00:01.1: legacy IDE quirk: reg 0x14: [io  0x03f6]
[    0.592013] pci 0000:00:01.1: legacy IDE quirk: reg 0x18: [io  0x0170-0x0177]
[    0.596013] pci 0000:00:01.1: legacy IDE quirk: reg 0x1c: [io  0x0376]
[    0.719273] pci 0000:00:07.0: quirk: [io  0x4000-0x403f] claimed by PIIX4 ACPI
[    0.752011] pci 0000:00:07.0: quirk: [io  0x4100-0x410f] claimed by PIIX4 SMB
[    0.800554] ACPI: PCI Interrupt Link [LNKA] (IRQs 5 9 10 *11)
[    0.862748] ACPI: PCI Interrupt Link [LNKB] (IRQs 5 9 10 *11)
[    0.882117] ACPI: PCI Interrupt Link [LNKC] (IRQs 5 9 *10 11)
[    0.904365] ACPI: PCI Interrupt Link [LNKD] (IRQs 5 *9 10 11)
[    0.908368] SCSI subsystem initialized
[    0.920174] pci 0000:00:02.0: vgaarb: setting as boot VGA device
[    0.924000] pci 0000:00:02.0: vgaarb: VGA device added: decodes=io+mem,owns=io+mem,locks=none
[    0.976016] pci 0000:00:02.0: vgaarb: bridge control possible
[    0.984008] vgaarb: loaded
[    0.988075] ACPI: bus type USB registered
[    1.004060] usbcore: registered new interface driver usbfs
[    1.032042] usbcore: registered new interface driver hub
[    1.036053] usbcore: registered new device driver usb
[    1.068083] EDAC MC: Ver: 3.0.0
[    1.068302] PCI: Using ACPI for IRQ routing
[    1.092913] NetLabel: Initializing
[    1.132008] NetLabel:  domain hash size = 128
[    1.160008] NetLabel:  protocols = UNLABELED CIPSOv4 CALIPSO
[    1.176040] NetLabel:  unlabeled traffic allowed by default
[    1.180146] clocksource: Switched to clocksource kvm-clock
[    1.239886] VFS: Disk quotas dquot_6.6.0
[    1.248365] VFS: Dquot-cache hash table entries: 512 (order 0, 4096 bytes)
[    1.284463] AppArmor: AppArmor Filesystem Enabled
[    1.305004] pnp: PnP ACPI init
[    1.313251] pnp: PnP ACPI: found 3 devices
[    1.331693] clocksource: acpi_pm: mask: 0xffffff max_cycles: 0xffffff, max_idle_ns: 2085701024 ns
[    1.353205] NET: Registered protocol family 2
[    1.358433] TCP established hash table entries: 8192 (order: 4, 65536 bytes)
[    1.389247] TCP bind hash table entries: 8192 (order: 5, 131072 bytes)
[    1.429588] TCP: Hash tables configured (established 8192 bind 8192)
[    1.439390] UDP hash table entries: 512 (order: 2, 16384 bytes)
[    1.451041] UDP-Lite hash table entries: 512 (order: 2, 16384 bytes)
[    1.459835] NET: Registered protocol family 1
[    1.496883] pci 0000:00:00.0: Limiting direct PCI/PCI transfers
[    1.499805] pci 0000:00:01.0: Activating ISA DMA hang workarounds
[    1.502866] pci 0000:00:02.0: Video device with shadowed ROM at [mem 0x000c0000-0x000dffff]
[    1.508510] Unpacking initramfs...
[    2.323493] Freeing initrd memory: 19208K
[    2.337778] clocksource: tsc: mask: 0xffffffffffffffff max_cycles: 0x27178a49c0e, max_idle_ns: 440795317528 ns
[    2.386486] platform rtc_cmos: registered platform RTC device (no PNP device found)
[    2.423059] Scanning for low memory corruption every 60 seconds
[    2.435267] Initialise system trusted keyrings
[    2.447552] Key type blacklist registered
[    2.451141] workingset: timestamp_bits=36 max_order=18 bucket_order=0
[    2.466293] zbud: loaded
[    2.492957] squashfs: version 4.0 (2009/01/31) Phillip Lougher
[    2.506965] fuse init (API version 7.26)
[    2.559485] Key type asymmetric registered
[    2.563979] Asymmetric key parser 'x509' registered
[    2.566899] Block layer SCSI generic (bsg) driver version 0.4 loaded (major 246)
[    2.580594] io scheduler noop registered
[    2.592443] io scheduler deadline registered
[    2.607849] io scheduler cfq registered (default)
[    2.632719] ACPI: AC Adapter [AC] (on-line)
[    2.663727] input: Power Button as /devices/LNXSYSTM:00/LNXPWRBN:00/input/input0
[    2.690244] ACPI: Power Button [PWRF]
[    2.693363] input: Sleep Button as /devices/LNXSYSTM:00/LNXSLPBN:00/input/input1
[    2.699652] ACPI: Sleep Button [SLPF]
[    2.702221] Serial: 8250/16550 driver, 32 ports, IRQ sharing enabled
[   2.703562] ACPI: Battery Slot [BAT0] (battery present)
[    2.828846] 00:02: ttyS0 at I/O 0x3f8 (irq = 4, base_baud = 115200) is a 16550A
[    2.879246] Linux agpgart interface v0.103
[    2.888018] loop: module loaded
[    2.895347] scsi host0: ata_piix
[    2.899025] scsi host1: ata_piix
[    2.901067] ata1: PATA max UDMA/33 cmd 0x1f0 ctl 0x3f6 bmdma 0xd000 irq 14
[    2.983909] ata2: PATA max UDMA/33 cmd 0x170 ctl 0x376 bmdma 0xd008 irq 15
[    3.032381] libphy: Fixed MDIO Bus: probed
[    3.036384] tun: Universal TUN/TAP device driver, 1.6
[    3.049608] PPP generic driver version 2.4.2
[    3.066545] ehci_hcd: USB 2.0 'Enhanced' Host Controller (EHCI) Driver
[    3.078258] ehci-pci: EHCI PCI platform driver
[    3.097190] ehci-platform: EHCI generic platform driver
[    3.114537] ohci_hcd: USB 1.1 'Open' Host Controller (OHCI) Driver
[    3.137332] ohci-pci: OHCI PCI platform driver
[    3.140865] ohci-platform: OHCI generic platform driver
[    3.154139] uhci_hcd: USB Universal Host Controller Interface driver
[    3.184400] i8042: PNP: PS/2 Controller [PNP0303:PS2K,PNP0f03:PS2M] at 0x60,0x64 irq 1,12
[    3.200224] serio: i8042 KBD port at 0x60,0x64 irq 1
[    3.203089] serio: i8042 AUX port at 0x60,0x64 irq 12
[    3.207192] mousedev: PS/2 mouse device common for all mice
[    3.289883] input: AT Translated Set 2 keyboard as /devices/platform/i8042/serio0/input/input2
[    3.337369] rtc_cmos rtc_cmos: rtc core: registered rtc_cmos as rtc0
[    3.443954] rtc_cmos rtc_cmos: alarms up to one day, 114 bytes nvram
[    3.457066 i2c /dev entries driver
[    3.556776] device-mapper: uevent: version 1.0.3

[    3.562570] device-mapper: ioctl: 4.37.0-ioctl (2017-09-20) initialised: dm-devel@redhat.com
[    3.700671] ledtrig-cpu: registered to indicate activity on CPUs
[    3.901379] NET: Registered protocol family 10
[    3.939638] Segment Routing with IPv6
[    3.965374] NET: Registered protocol family 17
[    3.970120] Key type dns_resolver registered
[    3.977219] mce: Using 0 MCE banks
[    3.989548] RAS: Correctable Errors collector initialized.
[    4.011857] sched_clock: Marking stable (4011739197, 0)->(8540972695, -4529233498)
[    4.021566] registered taskstats version 1
[    4.030008] Loading compiled-in X.509 certificates
[    4.085574] Loaded X.509 cert 'Build time autogenerated kernel key: d019e8c5f4cbc828f6af43369f65a014a3a68371'
[    4.139944] zswap: loaded using pool lzo/zbud
[    4.172517] Key type big_key registered
[    4.221463] Key type trusted registered
[    4.238759] Key type encrypted registered
[    4.344623] AppArmor: AppArmor sha1 policy hashing enabled
[    4.402516] ima: No TPM chip found, activating TPM-bypass! (rc=-19)
[    4.439709] ima: Allocated hash algorithm: sha1
[    4.464820] evm: HMAC attrs: 0x1
[    4.476537]   Magic number: 0:177:419
[    4.479455] rtc_cmos rtc_cmos: setting system clock to 2020-04-01 07:25:52 UTC (1585725952)
[    4.491896] BIOS EDD facility v0.16 2004-Jun-25, 0 devices found
[    4.494858] EDD information not available.
[    4.586609] Freeing unused kernel image memory: 2432K
[    4.609084] Write protecting the kernel read-only data: 20480k
[    4.689684] Freeing unused kernel image memory: 2008K
[    4.705388] Freeing unused kernel image memory: 1880K
[    4.804321] x86/mm: Checked W+X mappings: passed, no W+X pages found.
[    4.834771] x86/mm: Checking user space page tables
[    4.938162] x86/mm: Checked W+X mappings: passed, no W+X pages found.
Loading, please wait...
starting version 237
[    5.383861] e1000: Intel(R) PRO/1000 Network Driver - version 7.3.21-k8-NAPI
[    5.507213] e1000: Copyright (c) 1999-2006 Intel Corporation.
[    5.752935] Fusion MPT base driver 3.04.20
[    5.825443] Copyright (c) 1999-2008 LSI Corporation
[    5.979880] AVX version of gcm_enc/dec engaged.
[    5.982212] AES CTR mode by8 optimization enabled
[    5.985395] Fusion MPT SPI Host driver 3.04.20
[    6.188439] input: ImExPS/2 Generic Explorer Mouse as /devices/platform/i8042/serio1/input/input4
[    6.803798] e1000 0000:00:03.0 eth0: (PCI:33MHz:32-bit) 02:39:67:45:9c:e6
[    6.943051] e1000 0000:00:03.0 eth0: Intel(R) PRO/1000 Network Connection
[    6.970837] mptbase: ioc0: Initiating bringup
[    7.023132] e1000 0000:00:03.0 enp0s3: renamed from eth0
[    7.161122] ioc0: LSI53C1030 A0: Capabilities={Initiator}
[    7.439808] scsi host2: ioc0: LSI53C1030 A0, FwRev=00000000h, Ports=1, MaxQ=256, IRQ=20
[    7.790403] scsi 2:0:0:0: Direct-Access     VBOX     HARDDISK         1.0  PQ: 0 ANSI: 5
[    7.832069] scsi target2:0:0: Beginning Domain Validation
[    7.872468] scsi target2:0:0: Domain Validation skipping write tests
[    7.899751] scsi target2:0:0: Ending Domain Validation
[    7.907631] scsi target2:0:0: asynchronous
[    7.935078] scsi 2:0:1:0: Direct-Access     VBOX     HARDDISK         1.0  PQ: 0 ANSI: 5
[    8.068223] scsi target2:0:1: Beginning Domain Validation
[    8.139022] random: fast init done
[    8.242840] scsi target2:0:1: Domain Validation skipping write tests
[    8.277918] scsi target2:0:1: Ending Domain Validation
[    8.319851] scsi target2:0:1: asynchronous
[    8.337311] random: systemd-udevd: uninitialized urandom read (16 bytes read)
[    8.378450] random: systemd-udevd: uninitialized urandom read (16 bytes read)
[    8.378703] sd 2:0:0:0: [sda] 20971520 512-byte logical blocks: (10.7 GB/10.0 GiB)
[    8.411210] sd 2:0:0:0: Attached scsi generic sg0 type 0
[    8.411266] random: systemd-udevd: uninitialized urandom read (16 bytes read)
[    8.441034] sd 2:0:1:0: Attached scsi generic sg1 type 0
[    8.681226] sd 2:0:0:0: [sda] Write Protect is off
[    8.805832] sd 2:0:0:0: [sda] Incomplete mode parameter data
[    8.826889] sd 2:0:0:0: [sda] Assuming drive cache: write through
[    8.826939] sd 2:0:1:0: [sdb] 20480 512-byte logical blocks: (10.5 MB/10.0 MiB)
[    8.861724] sd 2:0:1:0: [sdb] Write Protect is off
[    8.864661] sd 2:0:1:0: [sdb] Incomplete mode parameter data
[    8.868039]  sda: sda1
[    8.874994] sd 2:0:1:0: [sdb] Assuming drive cache: write through
[    9.007822] sd 2:0:0:0: [sda] Attached SCSI disk
[    9.067887] sd 2:0:1:0: [sdb] Attached SCSI disk
Begin: Loading essential drivers ... [   11.108475] raid6: sse2x1   gen()  5939 MB/s
[   11.200215] raid6: sse2x1   xor()  3407 MB/s
[   11.269028] raid6: sse2x2   gen()  6595 MB/s
[   11.342778] raid6: sse2x2   xor()  3282 MB/s
[   11.404151] raid6: sse2x4   gen()  5845 MB/s
[   11.460698] raid6: sse2x4   xor()  1969 MB/s
[   11.468652] raid6: using algorithm sse2x2 gen() 6595 MB/s
[   11.490408] raid6: .... xor() 3282 MB/s, rmw enabled
[   11.493219] raid6: using ssse3x2 recovery algorithm
[   11.583866] xor: automatically using best checksumming function   avx       
[   11.617029] async_tx: api initialized (async)
done.
Begin: Running /scripts/init-premount ... done.
Begin: Mounting root file syste[   11.846102] Btrfs loaded, crc32c=crc32c-intel
m ... Begin: Running /scripts/local-top ... done.
Begin: Running /scripts/local-premount ... Scanning for Btrfs filesystems
done.
Warning: fsck no[   11.916673] EXT4-fs (sda1): mounted filesystem with ordered data mode. Opts: (null)
t present, so skipping root file system
done.
Begin: Running /scripts/local-bottom ... done.
Begin: Running /scripts/init-bottom ... done.
[   12.208165] ip_tables: (C) 2000-2006 Netfilter Core Team
[   12.257926] systemd[1]: systemd 237 running in system mode. (+PAM +AUDIT +SELINUX +IMA +APPARMOR +SMACK +SYSVINIT +UTMP +LIBCRYPTSETUP +GCRYPT +GNUTLS +ACL +XZ +LZ4 +SECCOMP +BLKID +ELFUTILS +KMOD -IDN2 +IDN -PCRE2 default-hierarchy=hybrid)
[   12.329775] systemd[1]: Detected virtualization oracle.
[   12.341929] systemd[1]: Detected architecture x86-64.

Welcome to [1mUbuntu 18.04.4 LTS[0m!

[   12.424663] systemd[1]: Set hostname to <ubuntu>.
[   12.469628] systemd[1]: Initializing machine ID from random generator.
[   12.496098] systemd[1]: Installed transient /etc/machine-id file.
[   13.013899] systemd[1]: Created slice User and Session Slice.
[[0;32m  OK  [0m] Created slice User and Session Slice.
[   13.023229] systemd[1]: Reached target Swap.
[[0;32m  OK  [0m] Reached target Swap.
[   13.032651] systemd[1]: Set up automount Arbitrary Executable File Formats File System Automount Point.
[[0;32m  OK  [0m] Set up automount Arbitrary Executabâ€¦rmats File System Automount Point.
[   13.160155] systemd[1]: Reached target System Time Synchronized.
[[0;32m  OK  [0m] Reached target System Time Synchronized.
[[0;32m  OK  [0m] Started Forward Password Requests to Wall Directory Watch.
[[0;32m  OK  [0m] Reached target User and Group Name Lookups.
[[0;32m  OK  [0m] Created slice System Slice.
[[0;32m  OK  [0m] Listening on LVM2 poll daemon socket.
[[0;32m  OK  [0m] Listening on Journal Socket.
         Mounting POSIX Message Queue File System...
         Mounting Kernel Debug File System...
[[0;32m  OK  [0m] Listening on LVM2 metadata daemon socket.
[[0;32m  OK  [0m] Listening on udev Control Socket.
         Starting Uncomplicated firewall...
         Starting Load Ke[   13.653028] Loading iSCSI transport class v2.0-870.
rnel Modules...[   13.816783] iscsi: registered transport (tcp)

         Starting Remount[   13.877676] EXT4-fs (sda1): re-mounted. Opts: (null)
 Root and Kernel File Systems...
[[0;32m  OK  [0m] Listening on [   13.922599] iscsi: registered transport (iser)
Journal Audit Socket.
[[0;32m  OK  [0m] Listening on Network Service Netlink Socket.
[[0;32m  OK  [0m] Created slice system-serial\x2dgetty.slice.
[[0;32m  OK  [0m] Listening on Device-mapper event daemon FIFOs.
         Starting Monitoring of LVM2 mirrorsâ€¦ng dmeventd or progress polling...
[[0;32m  OK  [0m] Reached target Slices.
         [   14.140473] random: crng init done
Starting Create list of required stâ€¦ce nodes for the current kernel...
[   14.188220] random: 7 urandom warning(s) missed due to ratelimiting
         Starting Set the console keyboard layout...
         Mounting Huge Pages File System...
[[0;32m  OK  [0m] Listening on /dev/initctl Compatibility Named Pipe.
[[0;32m  OK  [0m] Listening on Journal Socket (/dev/log).
[[0;32m  OK  [0m] Listening on Syslog Socket.
         Starting Journal Service...
[[0;32m  OK  [0m] Listening on udev Kernel Socket.
         Starting udev Coldplug all Devices...
[[0;32m  OK  [0m] Started Journal Service.
[[0;32m  OK  [0m] Mounted POSIX Message Queue File System.
[[0;32m  OK  [0m] Mounted Kernel Debug File System.
[[0;32m  OK  [0m] Started Uncomplicated firewall.
[[0;32m  OK  [0m] Started Load Kernel Modules.
[[0;32m  OK  [0m] Started Remount Root and Kernel File Systems.
[[0;32m  OK  [0m] Started Create list of required staâ€¦vice nodes for the current kernel.
[[0;32m  OK  [0m] Started Set the console keyboard layout.
[[0;32m  OK  [0m] Mounted Huge Pages File System.
[[0;32m  OK  [0m] Started LVM2 metadata daemon.
         Starting Create Static Device Nodes in /dev...
         Starting Load/Save Random Seed...
         Mounting Kernel Configuration File System...
         Mounting FUSE Control File System...
         Starting Apply Kernel Variables...
         Starting Flush Journal to Persistent Storage...
[[0;32m  OK  [0m] Started Monitoring of LVM2 mirrors,â€¦sing dmeventd or progress polling.
[[0;32m  OK  [0m] Started udev Coldplug all Devices.
[[0;32m  OK  [0m] Started Create Static Device Nodes in /dev.
[[0;32m  OK  [0m] Started Load/Save Random Seed.
[[0;32m  OK  [0m] Mounted Kernel Configuration File System.
[[0;32m  OK  [0m] Mounted FUSE Control File System.
[[0;32m  OK  [0m] Started Apply Kernel Variables.
         Starting udev Kernel Device Manager...
[[0;32m  OK  [0m] Reached target Local File Systems (Pre).
[[0;32m  OK  [0m] Reached target Local File Systems.
         Starting AppArmor initialization...
         Starting Set console font and keymap...
         Starting Tell Plymouth To Write Out Runtime Data...
         Starting ebtables ruleset management...
         Starting Commit a transient machine-id on disk...
[[0;32m  OK  [0m] Started udev Kernel Device Manager.
[[0;32m  OK  [0m] Started Flush Journal to Persistent Storage.
[[0;32m  OK  [0m] Started Set console font and keymap.
[[0;32m  OK  [0m] Started Tell Plymouth To Write Out Runtime Data.
[[0;32m  OK  [0m] Started Commit a transient machine-id on disk.
[[0;32m  OK  [0m] Started ebtables ruleset management.
[[0;32m  OK  [0m] Found device /dev/ttyS0.
[[0;32m  OK  [0m] Listening on Load/Save RF Kill Switch Status /dev/rfkill Watch.
         Starting Create Volatile Files and Directories...
[[0;32m  OK  [0m] Started Dispatch Password Requests to Console Directory Watch.
[[0;32m  OK  [0m] Reached target Local Encrypted Volumes.
[[0;32m  OK  [0m] Started Create Volatile Files and Directories.
         Starting Update UTMP about System Boot/Shutdown...
[[0;32m  OK  [0m] Started Update UTMP about System Boot/Shutdown.
[[0;32m  OK  [0m] Started AppArmor initialization.
         Starting Initial cloud-init job (pre-networking)...
[   21.101459] cloud-init[621]: Cloud-init v. 19.4-33-gbb4131a2-0ubuntu1~18.04.1 running 'init-local' at Wed, 01 Apr 2020 07:26:08 +0000. Up 20.47 seconds.
[[0;32m  OK  [0m] Started Initial cloud-init job (pre-networking).
[[0;32m  OK  [0m] Reached target Network (Pre).
         Starting Network Service...
[[0;32m  OK  [0m] Started Network Service.
         Starting Network Name Resolution...
         Starting Wait for Network to be Configured...
[[0;32m  OK  [0m] Started Network Name Resolution.
[[0;32m  OK  [0m] Reached target Network.
[[0;32m  OK  [0m] Reached target Host and Network Name Lookups.
[[0;32m  OK  [0m] Started Wait for Network to be Configured.
         Starting Initial cloud-init job (metadata service crawler)...
[   24.128842] cloud-init[748]: Cloud-init v. 19.4-33-gbb4131a2-0ubuntu1~18.04.1 running 'init' at Wed, 01 Apr 2020 07:26:11 +0000. Up 23.76 seconds.
[   24.267180] cloud-init[748]: ci-info: ++++++++++++++++++++++++++++++++++++++Net device info++++++++++++++++++++++++++++++++++++++
[   24.342785] cloud-init[748]: ci-info: +--------+------+----------------------------+---------------+--------+-------------------+
[   24.416444] cloud-init[748]: ci-info: | Device |  Up  |          Address           |      Mask     | Scope  |     Hw-Address    |
[   24.561111] cloud-init[748]: ci-info: +--------+------+----------------------------+---------------+--------+-------------------+
[   24.585334] cloud-init[748]: ci-info: | enp0s3 | True |         10.0.2.15          | 255.255.255.0 | global | 02:39:67:45:9c:e6 |
[   24.688958] cloud-init[748]: ci-info: | enp0s3 | True | fe80::39:67ff:fe45:9ce6/64 |       .       |  link  | 02:39:67:45:9c:e6 |
[   24.806004] cloud-init[748]: ci-info: |   lo   | True |         127.0.0.1          |   255.0.0.0   |  host  |         .         |
[   24.893922] cloud-init[748]: ci-info: |   lo   | True |          ::1/128           |       .       |  host  |         .         |
[   25.008250] cloud-init[748]: ci-info: +--------+------+----------------------------+---------------+--------+-------------------+
[   25.116472] cloud-init[748]: ci-info: ++++++++++++++++++++++++++++Route IPv4 info+++++++++++++++++++++++++++++
[[0;32m  OK  [0m] Started Initial cloud-init job (metadata service crawler).
[[0;32m  OK  [0m] Reached target Cloud-config availability.
[[0;32m  OK  [0m] Reached target Network is Online.
[   25.247644] cloud-init[748]: ci-info: +-------+-------------+----------+-----------------+-----------+-------+
[   25.581041] cloud-init[748]: ci-info: | Route | Destination | Gateway  |     Genmask     | Interface | Flags |
[[0;32m  OK  [0m] Reached target Remote File Systems (Pre).
[[0;32m  OK  [0m] Reached target Remote File Systems.
[   25.629763] cloud-init[748]: ci-info: +-------+-------------+----------+-----------------+-----------+-------+
         Starting Availability of block devices...
[[0;32m  OK  [0m] Reached target System Initialization.
[[0;32m  OK  [0m] Listening on D-Bus System Message Bus Socket.
[[0;32m  OK  [0m] Started Discard unused blocks once a week.
[   25.927086] cloud-init[748]: ci-info: |   0   |   0.0.0.0   | 10.0.2.2 |     0.0.0.0     |   enp0s3  |   UG  |
         Starting LXD - unix socket.
[[0;32m  OK  [0m] Started Daily apt download activities.
[   26.407301] cloud-init[748]: ci-info: |   1   |   10.0.2.0  | 0.0.0.0  |  255.255.255.0  |   enp0s3  |   U   |
[   26.620490] cloud-init[748]: ci-info: |   2   |   10.0.2.2  | 0.0.0.0  | 255.255.255.255 |   enp0s3  |   UH  |
[   26.764934] cloud-init[748]: ci-info: +-------+-------------+----------+-----------------+-----------+-------+
[[0;32m  OK  [0m[   26.840295] cloud-init[748]: ci-info: +++++++++++++++++++Route IPv6 info+++++++++++++++++++
[   26.840443] cloud-init[748]: ci-info: +-------+-------------+---------+-----------+-------+
[   26.840533] cloud-init[748]: ci-info: | Route | Destination | Gateway | Interface | Flags |
[   26.840628] cloud-init[748]: ci-info: +-------+-------------+---------+-----------+-------+
[   26.840704] cloud-init[748]: ci-info: |   1   |  fe80::/64  |    ::   |   enp0s3  |   U   |
[   26.841543] cloud-init[748]: ci-info: |   3   |    local    |    ::   |   enp0s3  |   U   |
[   26.841647] cloud-init[748]: ci-info: |   4   |   ff00::/8  |    ::   |   enp0s3  |   U   |
[   26.841771] cloud-init[748]: ci-info: +-------+-------------+---------+-----------+-------+
[   26.841852] cloud-init[748]: Generating public/private rsa key pair.
[   26.841931] cloud-init[748]: Your identification has been saved in /etc/ssh/ssh_host_rsa_key.
[   26.842018] cloud-init[748]: Your public key has been saved in /etc/ssh/ssh_host_rsa_key.pub.
[   26.842101] cloud-init[748]: The key fingerprint is:
[   26.842195] cloud-init[748]: SHA256:ZbUj9eNDyFf8LW/ibKiaGzQbz+wLmFhuH0FIGSyDEv4 root@ubuntu-bionic
[   26.842281] cloud-init[748]: The key's randomart image is:
[   26.842365] cloud-init[748]: +---[RSA 2048]----+
[   26.842449] cloud-init[748]: |.. . .oo    o  ..|
[   26.842538] cloud-init[748]: |o . o.o.   + + ..|
[   26.842618] cloud-init[748]: | o   o. . + = = o|
[   26.842689] cloud-init[748]: |  .    . o . =..o|
[   26.842810] cloud-init[748]: |   E  . S     oo |
[   26.842887] cloud-init[748]: |     + + O    ..o|
[   26.842971] cloud-init[748]: |    . = = +  + o |
[   26.843064] cloud-init[748]: |     . . *  . +  |
[   26.843155] cloud-init[748]: |        =o+o .   |
[   26.843236] cloud-init[748]: +----[SHA256]-----+
[   26.843312] cloud-init[748]: Generating public/private dsa key pair.
[   26.843389] cloud-init[748]: Your identification has been saved in /etc/ssh/ssh_host_dsa_key.
[   26.843463] cloud-init[748]: Your public key has been saved in /etc/ssh/ssh_host_dsa_key.pub.
[   26.843554] cloud-init[748]: The key fingerprint is:
[   26.843636] cloud-init[748]: SHA256:mezaU5OsYG4PchznsNR6VaIi0fme3+C1l1JL9s7CgqQ root@ubuntu-bionic
[   26.843768] cloud-init[748]: The key's randomart image is:
[   26.843850] cloud-init[748]: +---[DSA 1024]----+
[   26.843927] cloud-init[748]: |                 |
[   26.844012] cloud-init[748]: |     . .         |
[   26.844098] cloud-init[748]: |    . o   . .    |
[   26.844177] cloud-init[748]: |     . + + o     |
[   26.844270] cloud-init[748]: |    . = S...     |
[   26.844372] cloud-init[748]: |     +o@ o*   +  |
[   26.844469] cloud-init[748]: |    .o*.*=.o.= + |
[   26.844563] cloud-init[748]: |     oo=Eo.+o.*..|
[   26.844757] cloud-init[748]: |     ...o.o o+ oo|
[   26.844883] cloud-init[748]: +----[SHA256]-----+
[   26.844971] cloud-init[748]: Generating public/private ecdsa key pair.
[   26.845063] cloud-init[748]: Your identification has been saved in /etc/ssh/ssh_host_ecdsa_key.
[   26.845160] cloud-init[748]: Your public key has been saved in /etc/ssh/ssh_host_ecdsa_key.pub.
[   26.845252] cloud-init[748]: The key fingerprint is:
[   26.845334] cloud-init[748]: SHA256:gdR9mYVx2VObWNce6J7pNeDek1N4U8zj4Odja2QmDE0 root@ubuntu-bionic
[   26.845422] cloud-init[748]: The key's randomart image is:
[   26.845505] cloud-init[748]: +---[ECDSA 256]---+
[   26.845591] cloud-init[748]: |      .. .  .*++=|
[   26.845759] cloud-init[748]: |     . .. . =E+o*|
[   26.845852] cloud-init[748]: |      . .  .+. *o|
[   26.845938] cloud-init[748]: |         . . = .=|
[   26.846021] cloud-init[748]: |        S   * *.o|
[   26.846102] cloud-init[748]: |             O.Xo|
[   26.846199] cloud-init[748]: |            o X.=|
[   26.846290] cloud-init[748]: |             o X |
[   26.846379] cloud-init[748]: |              o.=|
[   26.846472] cloud-init[748]: +----[SHA256]-----+
[   26.846555] cloud-init[748]: Generating public/private ed25519 key pair.
[   26.846694] cloud-init] Started ACPI Events Check.
[[0;32m  OK  [0m] Reached target Paths.
[[0;32m  OK  [0m] Started Daily Cleanup of Temporary Directories.
[[0;32m  OK  [0m] Listening on ACPID Listen Socket.
[[0;32m  OK  [0m] Listening on UUID daemon activation socket.
[[0;32m  OK  [0m] Started Daily apt upgrade and clean activities.
[[0;32m  OK  [0m] Listening on Open-iSCSI iscsid Socket.
         Starting Socket activation for snappy daemon.
[[0;32m  OK  [0m] Started Message of the Day.
[[0;32m  OK  [0m] Reached target Timers.
[[0;32m  OK  [0m] Started Availability of block devices.
[[0;32m  OK  [0m] Listening on LXD - unix socket.
[[0;32m  OK  [0m] Listening on Socket activation for snappy daemon.
[[0;32m  OK  [0m] Reached target Sockets.
[[0;32m  OK  [0m] Reached target Basic System.
[748]: Your identification has been saved in /etc/ssh/ssh_host_ed25519_key.
         Starting Virtualbox guest utils...
[   31.036519] cloud-init[748]: Your public key has been saved in /etc/ssh/ssh_host_ed25519_key.pub.
         Starting Pollinate to seed the pseudo random number generator...
[   31.212621] cloud-init[748]: The key fingerprint is:
         [   31.336873] Starting Accounts Service...cloud-init
[748]: SHA256:GGntJtaGTFvbprXyms9s3i+n+/UvzTlA8+Zf8a9C+yM root@ubuntu-bionic
         Starting LSB: automatic crash report generation...
[   31.516613] cloud-init[748]: The key's randomart image is:
         Starting Permit User Sessions...
[   31.640794] cloud-init[748]: +--[ED25519 256]--+
[[0;32m  OK  [0m] Started FUSE filesystem for LXC.
[   31.753080]          Starting Snappy daemon...
cloud-init[748]: |                 |
[   31.822009] cloud-init[748]: |       o         |
[[0;32m  OK  [0m] Started irqbalance daemon.
[   31.831690] cloud-init[748]: |      = o        |
         [   31.979542] Starting System Logging Service...cloud-init
[748]: |     + O o   o   |
[[0;32m  OK  [0m] Started Deferred execution scheduler.
[   32.080901] cloud-init[748]: |      B S + . o. |
[   32.192820] [cloud-init[0;32m  OK  [0m[748]: ] |     . + + ... oo|Started D-Bus System Message Bus.

[   32.284241] [cloud-init[0;32m  OK  [0m[748]: ] |        o .. .+o=|Started Regular background program processing daemon.

         Starting Login Service...
[   32.401224] cloud-init[748]: |         *..E +=*|
         Starting LSB: Record successful boot for GRUB...
[   32.509114] cloud-init[748]: |        o=* +@=+O|
         Starting Dispatcher daemon for systemd-networkd...
[   32.668567] cloud-init[748]: +----[SHA256]-----+
         Starting LXD - container startup/shutdown...
[[0;32m  OK  [0m] Started System Logging Service.
[[0;32m  OK  [0m] Started Snappy daemon.
[[0;32m  OK  [0m] Started Dispatcher daemon for systemd-networkd.
[[0;32m  OK  [0m] Started Permit User Sessions.
[[0;32m  OK  [0m] Started LXD - container startup/shutdown.
[[0;32m  OK  [0m] Started Login Service.
[[0;32m  OK  [0m] Started Unattended Upgrades Shutdown.
         Starting Authorization Manager...
         Starting Terminate Plymouth Boot Screen...
         Starting Hold until boot process finishes up...
         Starting Wait until snapd is fully seeded...
[[0;32m  OK  [0m] Started Virtualbox guest utils.
[[0;32m  OK  [0m] Started LSB: automatic crash report generation.
[[0;32m  OK  [0m] Started LSB: Record successful boot for GRUB.
[[0;32m  OK  [0m] Started Terminate Plymouth Boot Screen.
[[0;32m  OK  [0m] Started Hold until boot process finishes up.
[[0;32m  OK  [0m] Started Authorization Manager.
[[0;32m  OK  [0m] Started Accounts Service.
[[0;32m  OK  [0m] Started Serial Getty on ttyS0.
         Starting Set console scheme...
[[0;32m  OK  [0m] Started Set console scheme.
[[0;32m  OK  [0m] Created slice system-getty.slice.
[[0;32m  OK  [0m] Started Getty on tty1.
[[0;32m  OK  [0m] Reached target Login Prompts.
[[0;32m  OK  [0m] Started Pollinate to seed the pseudo random number generator.
         Starting OpenBSD Secure Shell server...
[[0;32m  OK  [0m] Started OpenBSD Secure Shell server.
[[0;32m  OK  [0m] Created slice User Slice of vagrant.
         Starting User Manager for UID 1000...
[[0;32m  OK  [0m] Started Session 1 of user vagrant.
[[0;32m  OK  [0m] Started User Manager for UID 1000.
[[0;32m  OK  [0m] Started Wait until snapd is fully seeded.
         Starting Apply the settings specified in cloud-config...
[[0;32m  OK  [0m] Reached target Multi-User System.
[[0;32m  OK  [0m] Reached target Graphical Interface.
         Starting Update UTMP about System Runlevel Changes...
[[0;32m  OK  [0m] Started Update UTMP about System Runlevel Changes.

Ubuntu 18.04.4 LTS ubuntu-bionic ttyS0

ubuntu-bionic login: [   39.995989] cloud-init[1463]: Cloud-init v. 19.4-33-gbb4131a2-0ubuntu1~18.04.1 running 'modules:config' at Wed, 01 Apr 2020 07:26:26 +0000. Up 38.73 seconds.
ci-info: no authorized SSH keys fingerprints found for user ubuntu.
<14>Apr  1 07:26:29 ec2: 
<14>Apr  1 07:26:29 ec2: #############################################################
<14>Apr  1 07:26:29 ec2: -----BEGIN SSH HOST KEY FINGERPRINTS-----
<14>Apr  1 07:26:29 ec2: 1024 SHA256:mezaU5OsYG4PchznsNR6VaIi0fme3+C1l1JL9s7CgqQ root@ubuntu-bionic (DSA)
<14>Apr  1 07:26:29 ec2: 256 SHA256:gdR9mYVx2VObWNce6J7pNeDek1N4U8zj4Odja2QmDE0 root@ubuntu-bionic (ECDSA)
<14>Apr  1 07:26:29 ec2: 256 SHA256:GGntJtaGTFvbprXyms9s3i+n+/UvzTlA8+Zf8a9C+yM root@ubuntu-bionic (ED25519)
<14>Apr  1 07:26:29 ec2: 2048 SHA256:ZbUj9eNDyFf8LW/ibKiaGzQbz+wLmFhuH0FIGSyDEv4 root@ubuntu-bionic (RSA)
<14>Apr  1 07:26:29 ec2: -----END SSH HOST KEY FINGERPRINTS-----
<14>Apr  1 07:26:29 ec2: #############################################################
-----BEGIN SSH HOST KEY KEYS-----
ecdsa-sha2-nistp256 AAAAE2VjZHNhLXNoYTItbmlzdHAyNTYAAAAIbmlzdHAyNTYAAABBBMrzVoR7Q8hRt9oYZXHkob6utEIWOZLmjIE/b5l3ds3Nf9c7vevqhdDBk/ja7/HcEbgGx5cyEYXCdEcwQ7eDEu0= root@ubuntu-bionic
ssh-ed25519 AAAAC3NzaC1lZDI1NTE5AAAAIK3Lf/z/aZN73fMpMK5lyk1paB0Xh+Q7uXSNocxrwted root@ubuntu-bionic
ssh-rsa AAAAB3NzaC1yc2EAAAADAQABAAABAQCyjRgWOLLHY5ty/p6kSM2A1QcIV6idnoLegBZ5n4hdBusYJFugn4Wk9KlFLp5Y5Fb5IMi95XQ2P1D46JfBYcqY6HhXKuqxuimkz+FI9j1LEsGPdZeAGOeWWiLqOtI8jb6MZ66fmgpxZ1PDDTYu46itEepxBhc2AcgFrzxbrI5dVvRwx3J64d+KWS3QuyiyOOSSTGOTnhlDv4vEtWx7iDmbsgmt1j953l8BP7GFrMwMYXrZcK0GbvW3PZUusYTRGQ0+sPi2r5h3t9abVsKl3bi3fPi1TuRtMfzjfiriPHSxBkbCmQq5FI43udwhzHuSM8oZ6U/Agiq14HYfrgQmVQGx root@ubuntu-bionic
-----END SSH HOST KEY KEYS-----
[   41.392064] cloud-init[1609]: Cloud-init v. 19.4-33-gbb4131a2-0ubuntu1~18.04.1 running 'modules:final' at Wed, 01 Apr 2020 07:26:29 +0000. Up 41.08 seconds.
[   41.392179] cloud-init[1609]: ci-info: no authorized SSH keys fingerprints found for user ubuntu.
[   41.392374] cloud-init[1609]: Cloud-init v. 19.4-33-gbb4131a2-0ubuntu1~18.04.1 finished at Wed, 01 Apr 2020 07:26:29 +0000. Datasource DataSourceNoCloud [seed=/dev/sdb][dsmode=net].  Up 41.37 seconds
